Archive member included because of file (symbol)

/home/lolka/pebble-dev/PebbleSDK-3.4/Pebble/basalt/lib/libpebble.a(tmp2hEX61pebble.o)
                              src/main.c.5.o (app_event_loop)

Allocating common symbols
Common symbol       size              file

stations            0x4               src/Autogen.c.5.o
path_to             0x4               src/MainWindow.c.5.o
path_from           0x4               src/MainWindow.c.5.o
graph_index         0x4               src/Autogen.c.5.o
links               0x4               src/Autogen.c.5.o
station_select_line
                    0x4               src/MainWindow.c.5.o
stationlen          0x4               src/Autogen.c.5.o
lines               0x4               src/Autogen.c.5.o

Discarded input sections

 .text          0x0000000000000000        0x0 /home/lolka/pebble-dev/PebbleSDK-3.4/arm-cs-tools/bin/../lib/gcc/arm-none-eabi/4.7.2/thumb2/crti.o
 .bss           0x0000000000000000        0x0 /home/lolka/pebble-dev/PebbleSDK-3.4/arm-cs-tools/bin/../lib/gcc/arm-none-eabi/4.7.2/thumb2/crti.o
 .init          0x0000000000000000        0x4 /home/lolka/pebble-dev/PebbleSDK-3.4/arm-cs-tools/bin/../lib/gcc/arm-none-eabi/4.7.2/thumb2/crti.o
 .fini          0x0000000000000000        0x4 /home/lolka/pebble-dev/PebbleSDK-3.4/arm-cs-tools/bin/../lib/gcc/arm-none-eabi/4.7.2/thumb2/crti.o
 .text          0x0000000000000000       0xc8 /home/lolka/pebble-dev/PebbleSDK-3.4/arm-cs-tools/bin/../lib/gcc/arm-none-eabi/4.7.2/thumb2/crtbegin.o
 .bss           0x0000000000000000       0x1c /home/lolka/pebble-dev/PebbleSDK-3.4/arm-cs-tools/bin/../lib/gcc/arm-none-eabi/4.7.2/thumb2/crtbegin.o
 .init_array    0x0000000000000000        0x4 /home/lolka/pebble-dev/PebbleSDK-3.4/arm-cs-tools/bin/../lib/gcc/arm-none-eabi/4.7.2/thumb2/crtbegin.o
 .fini_array    0x0000000000000000        0x4 /home/lolka/pebble-dev/PebbleSDK-3.4/arm-cs-tools/bin/../lib/gcc/arm-none-eabi/4.7.2/thumb2/crtbegin.o
 .eh_frame      0x0000000000000000        0x0 /home/lolka/pebble-dev/PebbleSDK-3.4/arm-cs-tools/bin/../lib/gcc/arm-none-eabi/4.7.2/thumb2/crtbegin.o
 .jcr           0x0000000000000000        0x0 /home/lolka/pebble-dev/PebbleSDK-3.4/arm-cs-tools/bin/../lib/gcc/arm-none-eabi/4.7.2/thumb2/crtbegin.o
 .tm_clone_table
                0x0000000000000000        0x0 /home/lolka/pebble-dev/PebbleSDK-3.4/arm-cs-tools/bin/../lib/gcc/arm-none-eabi/4.7.2/thumb2/crtbegin.o
 .text          0x0000000000000000        0x0 src/Autogen.c.5.o
 .bss           0x0000000000000000        0x0 src/Autogen.c.5.o
 .text          0x0000000000000000        0x0 src/MainWindow.c.5.o
 .bss           0x0000000000000000        0x0 src/MainWindow.c.5.o
 .text          0x0000000000000000        0x0 src/PathFinder.c.5.o
 .bss           0x0000000000000000        0x0 src/PathFinder.c.5.o
 .text.heap_create
                0x0000000000000000       0x1e src/PathFinder.c.5.o
 .text.heap_get_min
                0x0000000000000000        0x4 src/PathFinder.c.5.o
 .text.heap_extract_min
                0x0000000000000000       0x62 src/PathFinder.c.5.o
 .text.heap_add_element
                0x0000000000000000       0x62 src/PathFinder.c.5.o
 .text.heap_destroy
                0x0000000000000000       0x14 src/PathFinder.c.5.o
 .text.path_find_p
                0x0000000000000000      0x12c src/PathFinder.c.5.o
 .bss.p         0x0000000000000000        0x4 src/PathFinder.c.5.o
 .bss.q         0x0000000000000000        0x4 src/PathFinder.c.5.o
 .bss.d         0x0000000000000000        0x4 src/PathFinder.c.5.o
 .text          0x0000000000000000        0x0 src/StationSelectWindow.c.5.o
 .bss           0x0000000000000000        0x0 src/StationSelectWindow.c.5.o
 .text          0x0000000000000000        0x0 src/main.c.5.o
 .bss           0x0000000000000000        0x0 src/main.c.5.o
 .text.deinit   0x0000000000000000        0x4 src/main.c.5.o
 .text          0x0000000000000000        0x0 basalt/appinfo.auto.c.5.o
 .bss           0x0000000000000000        0x0 basalt/appinfo.auto.c.5.o
 .bss           0x0000000000000000        0x0 /home/lolka/pebble-dev/PebbleSDK-3.4/Pebble/basalt/lib/libpebble.a(tmp2hEX61pebble.o)
 .text.accel_data_service_subscribe__deprecated
                0x0000000000000000        0xc /home/lolka/pebble-dev/PebbleSDK-3.4/Pebble/basalt/lib/libpebble.a(tmp2hEX61pebble.o)
 .text.accel_data_service_unsubscribe
                0x0000000000000000        0xc /home/lolka/pebble-dev/PebbleSDK-3.4/Pebble/basalt/lib/libpebble.a(tmp2hEX61pebble.o)
 .text.accel_service_peek
                0x0000000000000000        0xc /home/lolka/pebble-dev/PebbleSDK-3.4/Pebble/basalt/lib/libpebble.a(tmp2hEX61pebble.o)
 .text.accel_service_set_samples_per_update
                0x0000000000000000        0xc /home/lolka/pebble-dev/PebbleSDK-3.4/Pebble/basalt/lib/libpebble.a(tmp2hEX61pebble.o)
 .text.accel_service_set_sampling_rate
[...]
Memory Configuration

Name             Origin             Length             Attributes
APP              0x0000000000000000 0x0000000000010000 xrw
*default*        0x0000000000000000 0xffffffffffffffff

Linker script and memory map

LOAD /home/lolka/pebble-dev/PebbleSDK-3.4/arm-cs-tools/bin/../lib/gcc/arm-none-eabi/4.7.2/thumb2/crti.o
LOAD /home/lolka/pebble-dev/PebbleSDK-3.4/arm-cs-tools/bin/../lib/gcc/arm-none-eabi/4.7.2/thumb2/crtbegin.o
LOAD src/Autogen.c.5.o
LOAD src/MainWindow.c.5.o
LOAD src/PathFinder.c.5.o
LOAD src/StationSelectWindow.c.5.o
LOAD src/main.c.5.o
LOAD basalt/appinfo.auto.c.5.o
LOAD /home/lolka/pebble-dev/PebbleSDK-3.4/Pebble/basalt/lib/libpebble.a
START GROUP
LOAD /home/lolka/pebble-dev/PebbleSDK-3.4/arm-cs-tools/bin/../lib/gcc/arm-none-eabi/4.7.2/thumb2/libgcc.a
LOAD /home/lolka/pebble-dev/PebbleSDK-3.4/arm-cs-tools/bin/../lib/gcc/arm-none-eabi/4.7.2/../../../../arm-none-eabi/lib/thumb2/libc.a
END GROUP
LOAD /home/lolka/pebble-dev/PebbleSDK-3.4/arm-cs-tools/bin/../lib/gcc/arm-none-eabi/4.7.2/thumb2/crtend.o
LOAD /home/lolka/pebble-dev/PebbleSDK-3.4/arm-cs-tools/bin/../lib/gcc/arm-none-eabi/4.7.2/thumb2/crtn.o

.header         0x0000000000000000       0x82
 *(.pbl_header)
 .pbl_header    0x0000000000000000       0x82 basalt/appinfo.auto.c.5.o
                0x0000000000000000                __pbl_app_info

.note.gnu.build-id
                0x0000000000000082       0x26
                0x0000000000000082                PROVIDE (BUILD_ID, .)
 *(.note.gnu.build-id)
 *fill*         0x0000000000000082        0x2 
 .note.gnu.build-id
                0x0000000000000084       0x24 linker stubs

.text           0x00000000000000a8     0x3aa7
 *(.text)
 .text          0x00000000000000a8       0x14 /home/lolka/pebble-dev/PebbleSDK-3.4/Pebble/basalt/lib/libpebble.a(tmp2hEX61pebble.o)
 *(.text.*)
 .text.vector_init
                0x00000000000000bc       0x16 src/Autogen.c.5.o
                0x00000000000000bc                vector_init
 .text.vector_push
                0x00000000000000d2       0x36 src/Autogen.c.5.o
                0x00000000000000d2                vector_push
 .text.vector_free
                0x0000000000000108        0x6 src/Autogen.c.5.o
                0x0000000000000108                vector_free
 *fill*         0x000000000000010e        0x2 
 .text.deinit_autogen
                0x0000000000000110       0xc0 src/Autogen.c.5.o
                0x0000000000000110                deinit_autogen
 .text.init_autogen
                0x00000000000001d0     0x1c8c src/Autogen.c.5.o
                0x00000000000001d0                init_autogen
 .text.reset_animations
                0x0000000000001e5c       0x78 src/MainWindow.c.5.o
 .text.unload   0x0000000000001ed4       0x10 src/MainWindow.c.5.o
 .text.load     0x0000000000001ee4       0x80 src/MainWindow.c.5.o
 .text.click_config_provider
                0x0000000000001f64       0x30 src/MainWindow.c.5.o
 .text.close_main_window
                0x0000000000001f94       0x1c src/MainWindow.c.5.o
 .text.select_to
                0x0000000000001fb0       0x88 src/MainWindow.c.5.o
 .text.select_from
                0x0000000000002038       0x88 src/MainWindow.c.5.o
 .text.update_to_animation
                0x00000000000020c0       0x54 src/MainWindow.c.5.o
 .text.update_from_animation
                0x0000000000002114       0x54 src/MainWindow.c.5.o
 .text.update_fromback_animation
                0x0000000000002168       0x50 src/MainWindow.c.5.o
 .text.update_toback_animation
                0x00000000000021b8       0x50 src/MainWindow.c.5.o
 .text.opend_station_select_callback
                0x0000000000002208        0x4 src/MainWindow.c.5.o
 .text.update_proc
                0x000000000000220c      0x2a0 src/MainWindow.c.5.o
 .text.main_window_revert_back
                0x00000000000024ac       0x6c src/MainWindow.c.5.o
                0x00000000000024ac                main_window_revert_back
 .text.open_main_window
                0x0000000000002518       0x50 src/MainWindow.c.5.o
                0x0000000000002518                open_main_window
 .text.menu_get_num_rows
                0x0000000000002568       0x24 src/StationSelectWindow.c.5.o
 .text.unload   0x000000000000258c       0x24 src/StationSelectWindow.c.5.o
 .text.load     0x00000000000025b0      0x168 src/StationSelectWindow.c.5.o
 .text.click_config_provider
                0x0000000000002718       0x48 src/StationSelectWindow.c.5.o
 .text.close_station_select_window
                0x0000000000002760       0x20 src/StationSelectWindow.c.5.o
 .text.push_down
                0x0000000000002780       0x54 src/StationSelectWindow.c.5.o
 .text.push_up  0x00000000000027d4       0x54 src/StationSelectWindow.c.5.o
 .text.update_right_animation
                0x0000000000002828       0xa8 src/StationSelectWindow.c.5.o
 .text.update_left_animation
                0x00000000000028d0       0xa4 src/StationSelectWindow.c.5.o
 .text.push_select
                0x0000000000002974       0x98 src/StationSelectWindow.c.5.o
 .text.update_select_animation
                0x0000000000002a0c       0x58 src/StationSelectWindow.c.5.o
 .text.show_menu
                0x0000000000002a64       0x38 src/StationSelectWindow.c.5.o
 .text.menu_draw_row
                0x0000000000002a9c       0x90 src/StationSelectWindow.c.5.o
 .text.update_proc
                0x0000000000002b2c      0x1bc src/StationSelectWindow.c.5.o
 .text.open_station_select_window
                0x0000000000002ce8       0x50 src/StationSelectWindow.c.5.o
                0x0000000000002ce8                open_station_select_window
 .text.init     0x0000000000002d38       0x28 src/main.c.5.o
                0x0000000000002d38                init
 .text.startup.main
                0x0000000000002d60       0x12 src/main.c.5.o
                0x0000000000002d60                main
 *fill*         0x0000000000002d72        0x2 
 .text.app_event_loop
                0x0000000000002d74        0xc /home/lolka/pebble-dev/PebbleSDK-3.4/Pebble/basalt/lib/libpebble.a(tmp2hEX61pebble.o)
                0x0000000000002d74                app_event_loop
 .text.app_log  0x0000000000002d80        0xc /home/lolka/pebble-dev/PebbleSDK-3.4/Pebble/basalt/lib/libpebble.a(tmp2hEX61pebble.o)
                0x0000000000002d80                app_log
 .text.fonts_get_system_font
                0x0000000000002d8c        0xc /home/lolka/pebble-dev/PebbleSDK-3.4/Pebble/basalt/lib/libpebble.a(tmp2hEX61pebble.o)
                0x0000000000002d8c                fonts_get_system_font
 .text.free     0x0000000000002d98        0xc /home/lolka/pebble-dev/PebbleSDK-3.4/Pebble/basalt/lib/libpebble.a(tmp2hEX61pebble.o)
                0x0000000000002d98                free
 .text.graphics_draw_line
                0x0000000000002da4        0xc /home/lolka/pebble-dev/PebbleSDK-3.4/Pebble/basalt/lib/libpebble.a(tmp2hEX61pebble.o)
                0x0000000000002da4                graphics_draw_line
 .text.graphics_fill_circle
                0x0000000000002db0        0xc /home/lolka/pebble-dev/PebbleSDK-3.4/Pebble/basalt/lib/libpebble.a(tmp2hEX61pebble.o)
                0x0000000000002db0                graphics_fill_circle
 .text.graphics_fill_rect
                0x0000000000002dbc        0xc /home/lolka/pebble-dev/PebbleSDK-3.4/Pebble/basalt/lib/libpebble.a(tmp2hEX61pebble.o)
                0x0000000000002dbc                graphics_fill_rect
 .text.layer_add_child
                0x0000000000002dc8        0xc /home/lolka/pebble-dev/PebbleSDK-3.4/Pebble/basalt/lib/libpebble.a(tmp2hEX61pebble.o)
                0x0000000000002dc8                layer_add_child
 .text.layer_create
                0x0000000000002dd4        0xc /home/lolka/pebble-dev/PebbleSDK-3.4/Pebble/basalt/lib/libpebble.a(tmp2hEX61pebble.o)
                0x0000000000002dd4                layer_create
 .text.layer_destroy
                0x0000000000002de0        0xc /home/lolka/pebble-dev/PebbleSDK-3.4/Pebble/basalt/lib/libpebble.a(tmp2hEX61pebble.o)
                0x0000000000002de0                layer_destroy
 .text.layer_get_bounds
                0x0000000000002dec        0xc /home/lolka/pebble-dev/PebbleSDK-3.4/Pebble/basalt/lib/libpebble.a(tmp2hEX61pebble.o)
                0x0000000000002dec                layer_get_bounds
 .text.layer_get_frame
                0x0000000000002df8        0xc /home/lolka/pebble-dev/PebbleSDK-3.4/Pebble/basalt/lib/libpebble.a(tmp2hEX61pebble.o)
                0x0000000000002df8                layer_get_frame
 .text.layer_mark_dirty
                0x0000000000002e04        0xc /home/lolka/pebble-dev/PebbleSDK-3.4/Pebble/basalt/lib/libpebble.a(tmp2hEX61pebble.o)
                0x0000000000002e04                layer_mark_dirty
 .text.layer_set_frame
                0x0000000000002e10        0xc /home/lolka/pebble-dev/PebbleSDK-3.4/Pebble/basalt/lib/libpebble.a(tmp2hEX61pebble.o)
                0x0000000000002e10                layer_set_frame
 .text.layer_set_update_proc
                0x0000000000002e1c        0xc /home/lolka/pebble-dev/PebbleSDK-3.4/Pebble/basalt/lib/libpebble.a(tmp2hEX61pebble.o)
                0x0000000000002e1c                layer_set_update_proc
 .text.malloc   0x0000000000002e28        0xc /home/lolka/pebble-dev/PebbleSDK-3.4/Pebble/basalt/lib/libpebble.a(tmp2hEX61pebble.o)
                0x0000000000002e28                malloc
 .text.memset   0x0000000000002e34        0xc /home/lolka/pebble-dev/PebbleSDK-3.4/Pebble/basalt/lib/libpebble.a(tmp2hEX61pebble.o)
                0x0000000000002e34                memset
 .text.menu_layer_get_layer
                0x0000000000002e40        0xc /home/lolka/pebble-dev/PebbleSDK-3.4/Pebble/basalt/lib/libpebble.a(tmp2hEX61pebble.o)
                0x0000000000002e40                menu_layer_get_layer
 .text.menu_layer_reload_data
                0x0000000000002e4c        0xc /home/lolka/pebble-dev/PebbleSDK-3.4/Pebble/basalt/lib/libpebble.a(tmp2hEX61pebble.o)
                0x0000000000002e4c                menu_layer_reload_data
 .text.menu_layer_set_click_config_onto_window
                0x0000000000002e58        0xc /home/lolka/pebble-dev/PebbleSDK-3.4/Pebble/basalt/lib/libpebble.a(tmp2hEX61pebble.o)
                0x0000000000002e58                menu_layer_set_click_config_onto_window
 .text.strcpy   0x0000000000002e64        0xc /home/lolka/pebble-dev/PebbleSDK-3.4/Pebble/basalt/lib/libpebble.a(tmp2hEX61pebble.o)
                0x0000000000002e64                strcpy
 .text.window_create
                0x0000000000002e70        0xc /home/lolka/pebble-dev/PebbleSDK-3.4/Pebble/basalt/lib/libpebble.a(tmp2hEX61pebble.o)
                0x0000000000002e70                window_create
 .text.window_destroy
                0x0000000000002e7c        0xc /home/lolka/pebble-dev/PebbleSDK-3.4/Pebble/basalt/lib/libpebble.a(tmp2hEX61pebble.o)
                0x0000000000002e7c                window_destroy
 .text.window_get_root_layer
                0x0000000000002e88        0xc /home/lolka/pebble-dev/PebbleSDK-3.4/Pebble/basalt/lib/libpebble.a(tmp2hEX61pebble.o)
                0x0000000000002e88                window_get_root_layer
 .text.window_set_click_config_provider
                0x0000000000002e94        0xc /home/lolka/pebble-dev/PebbleSDK-3.4/Pebble/basalt/lib/libpebble.a(tmp2hEX61pebble.o)
                0x0000000000002e94                window_set_click_config_provider
 .text.window_set_window_handlers
                0x0000000000002ea0        0xc /home/lolka/pebble-dev/PebbleSDK-3.4/Pebble/basalt/lib/libpebble.a(tmp2hEX61pebble.o)
                0x0000000000002ea0                window_set_window_handlers
 .text.window_stack_push
                0x0000000000002eac        0xc /home/lolka/pebble-dev/PebbleSDK-3.4/Pebble/basalt/lib/libpebble.a(tmp2hEX61pebble.o)
                0x0000000000002eac                window_stack_push
 .text.window_stack_remove
                0x0000000000002eb8        0xc /home/lolka/pebble-dev/PebbleSDK-3.4/Pebble/basalt/lib/libpebble.a(tmp2hEX61pebble.o)
                0x0000000000002eb8                window_stack_remove
 .text.window_single_click_subscribe
                0x0000000000002ec4        0xc /home/lolka/pebble-dev/PebbleSDK-3.4/Pebble/basalt/lib/libpebble.a(tmp2hEX61pebble.o)
                0x0000000000002ec4                window_single_click_subscribe
 .text.window_single_repeating_click_subscribe
                0x0000000000002ed0        0xc /home/lolka/pebble-dev/PebbleSDK-3.4/Pebble/basalt/lib/libpebble.a(tmp2hEX61pebble.o)
                0x0000000000002ed0                window_single_repeating_click_subscribe
 .text.graphics_draw_text
                0x0000000000002edc        0xc /home/lolka/pebble-dev/PebbleSDK-3.4/Pebble/basalt/lib/libpebble.a(tmp2hEX61pebble.o)
                0x0000000000002edc                graphics_draw_text
 .text.realloc  0x0000000000002ee8        0xc /home/lolka/pebble-dev/PebbleSDK-3.4/Pebble/basalt/lib/libpebble.a(tmp2hEX61pebble.o)
                0x0000000000002ee8                realloc
 .text.graphics_context_set_fill_color
                0x0000000000002ef4        0xc /home/lolka/pebble-dev/PebbleSDK-3.4/Pebble/basalt/lib/libpebble.a(tmp2hEX61pebble.o)
                0x0000000000002ef4                graphics_context_set_fill_color
 .text.graphics_context_set_stroke_color
                0x0000000000002f00        0xc /home/lolka/pebble-dev/PebbleSDK-3.4/Pebble/basalt/lib/libpebble.a(tmp2hEX61pebble.o)
                0x0000000000002f00                graphics_context_set_stroke_color
 .text.graphics_context_set_text_color
                0x0000000000002f0c        0xc /home/lolka/pebble-dev/PebbleSDK-3.4/Pebble/basalt/lib/libpebble.a(tmp2hEX61pebble.o)
                0x0000000000002f0c                graphics_context_set_text_color
 .text.animation_create
                0x0000000000002f18        0xc /home/lolka/pebble-dev/PebbleSDK-3.4/Pebble/basalt/lib/libpebble.a(tmp2hEX61pebble.o)
                0x0000000000002f18                animation_create
 .text.animation_schedule
                0x0000000000002f24        0xc /home/lolka/pebble-dev/PebbleSDK-3.4/Pebble/basalt/lib/libpebble.a(tmp2hEX61pebble.o)
                0x0000000000002f24                animation_schedule
 .text.animation_set_handlers
                0x0000000000002f30        0xc /home/lolka/pebble-dev/PebbleSDK-3.4/Pebble/basalt/lib/libpebble.a(tmp2hEX61pebble.o)
                0x0000000000002f30                animation_set_handlers
 .text.animation_set_implementation
                0x0000000000002f3c        0xc /home/lolka/pebble-dev/PebbleSDK-3.4/Pebble/basalt/lib/libpebble.a(tmp2hEX61pebble.o)
                0x0000000000002f3c                animation_set_implementation
 .text.menu_layer_create
                0x0000000000002f48        0xc /home/lolka/pebble-dev/PebbleSDK-3.4/Pebble/basalt/lib/libpebble.a(tmp2hEX61pebble.o)
                0x0000000000002f48                menu_layer_create
 .text.graphics_context_set_stroke_width
                0x0000000000002f54        0xc /home/lolka/pebble-dev/PebbleSDK-3.4/Pebble/basalt/lib/libpebble.a(tmp2hEX61pebble.o)
                0x0000000000002f54                graphics_context_set_stroke_width
 .text.menu_layer_set_highlight_colors
                0x0000000000002f60        0xc /home/lolka/pebble-dev/PebbleSDK-3.4/Pebble/basalt/lib/libpebble.a(tmp2hEX61pebble.o)
                0x0000000000002f60                menu_layer_set_highlight_colors
 .text.menu_layer_set_callbacks
                0x0000000000002f6c        0xc /home/lolka/pebble-dev/PebbleSDK-3.4/Pebble/basalt/lib/libpebble.a(tmp2hEX61pebble.o)
                0x0000000000002f6c                menu_layer_set_callbacks
 *(.rodata)
 .rodata        0x0000000000002f78      0x370 src/Autogen.c.5.o
 .rodata        0x00000000000032e8       0x58 src/MainWindow.c.5.o
 .rodata        0x0000000000003340       0x20 src/StationSelectWindow.c.5.o
 *(.rodata*)
 .rodata.str1.1
                0x0000000000003360      0x76d src/Autogen.c.5.o
                                        0x7d3 (size before relaxing)
 .rodata.str1.1
                0x0000000000003acd       0x4e src/MainWindow.c.5.o
 .rodata.str1.1
                0x0000000000003b1b       0x28 src/StationSelectWindow.c.5.o
                                         0x5e (size before relaxing)
 .rodata.str1.1
                0x0000000000003b43        0xc src/main.c.5.o

.glue_7         0x0000000000003b50        0x0
 .glue_7        0x0000000000000000        0x0 linker stubs

.glue_7t        0x0000000000003b50        0x0
 .glue_7t       0x0000000000000000        0x0 linker stubs

.vfp11_veneer   0x0000000000003b50        0x0
 .vfp11_veneer  0x0000000000000000        0x0 linker stubs

.v4_bx          0x0000000000003b50        0x0
 .v4_bx         0x0000000000000000        0x0 linker stubs

.iplt           0x0000000000003b50        0x0
 .iplt          0x0000000000000000        0x0 /home/lolka/pebble-dev/PebbleSDK-3.4/arm-cs-tools/bin/../lib/gcc/arm-none-eabi/4.7.2/thumb2/crtbegin.o

.rel.dyn        0x0000000000003b50        0x0
 .rel.iplt      0x0000000000000000        0x0 /home/lolka/pebble-dev/PebbleSDK-3.4/arm-cs-tools/bin/../lib/gcc/arm-none-eabi/4.7.2/thumb2/crtbegin.o
 .rel.got       0x0000000000000000        0x0 /home/lolka/pebble-dev/PebbleSDK-3.4/arm-cs-tools/bin/../lib/gcc/arm-none-eabi/4.7.2/thumb2/crtbegin.o

.data           0x0000000000003b50       0x58
 *(.data)
 .data          0x0000000000003b50        0x0 /home/lolka/pebble-dev/PebbleSDK-3.4/arm-cs-tools/bin/../lib/gcc/arm-none-eabi/4.7.2/thumb2/crti.o
 .data          0x0000000000003b50        0x4 /home/lolka/pebble-dev/PebbleSDK-3.4/arm-cs-tools/bin/../lib/gcc/arm-none-eabi/4.7.2/thumb2/crtbegin.o
                0x0000000000003b50                __dso_handle
 .data          0x0000000000003b54        0x0 src/Autogen.c.5.o
 .data          0x0000000000003b54        0x0 src/MainWindow.c.5.o
 .data          0x0000000000003b54        0x0 src/PathFinder.c.5.o
 .data          0x0000000000003b54        0x0 src/StationSelectWindow.c.5.o
 .data          0x0000000000003b54        0x0 src/main.c.5.o
 .data          0x0000000000003b54        0x0 basalt/appinfo.auto.c.5.o
 .data          0x0000000000003b54        0x0 /home/lolka/pebble-dev/PebbleSDK-3.4/Pebble/basalt/lib/libpebble.a(tmp2hEX61pebble.o)
 .data          0x0000000000003b54        0x0 /home/lolka/pebble-dev/PebbleSDK-3.4/arm-cs-tools/bin/../lib/gcc/arm-none-eabi/4.7.2/thumb2/crtend.o
 .data          0x0000000000003b54        0x0 /home/lolka/pebble-dev/PebbleSDK-3.4/arm-cs-tools/bin/../lib/gcc/arm-none-eabi/4.7.2/thumb2/crtn.o
 *(.data.*)
 .data.rel.local.to_implementation
                0x0000000000003b54        0xc src/MainWindow.c.5.o
 .data.rel.local.from_implementation
                0x0000000000003b60        0xc src/MainWindow.c.5.o
 .data.rel.local.fromback_implementation
                0x0000000000003b6c        0xc src/MainWindow.c.5.o
 .data.rel.local.toback_implementation
                0x0000000000003b78        0xc src/MainWindow.c.5.o
 .data.rel.local.left_implementation
                0x0000000000003b84        0xc src/StationSelectWindow.c.5.o
 .data.rel.local.select_implementation
                0x0000000000003b90        0xc src/StationSelectWindow.c.5.o
 .data.rel.local.right_implementation
                0x0000000000003b9c        0xc src/StationSelectWindow.c.5.o

.igot.plt       0x0000000000003ba8        0x0
 .igot.plt      0x0000000000000000        0x0 /home/lolka/pebble-dev/PebbleSDK-3.4/arm-cs-tools/bin/../lib/gcc/arm-none-eabi/4.7.2/thumb2/crtbegin.o

.got            0x0000000000003ba8       0x20
 .got           0x0000000000003ba8       0x20 /home/lolka/pebble-dev/PebbleSDK-3.4/arm-cs-tools/bin/../lib/gcc/arm-none-eabi/4.7.2/thumb2/crtbegin.o

.got.plt        0x0000000000003bc8        0xc
 .got.plt       0x0000000000003bc8        0xc /home/lolka/pebble-dev/PebbleSDK-3.4/arm-cs-tools/bin/../lib/gcc/arm-none-eabi/4.7.2/thumb2/crtbegin.o
                0x0000000000003bc8                _GLOBAL_OFFSET_TABLE_

.bss            0x0000000000003bd4       0xa0
 *(.bss)
 *(.bss.*)
 .bss.window    0x0000000000003bd4        0x4 src/MainWindow.c.5.o
 .bss.from_animation_playing
                0x0000000000003bd8        0x1 src/MainWindow.c.5.o
 *fill*         0x0000000000003bd9        0x3 
 .bss.window_layer
                0x0000000000003bdc        0x4 src/MainWindow.c.5.o
 .bss.from_gray_rect
                0x0000000000003be0        0xa src/MainWindow.c.5.o
 *fill*         0x0000000000003bea        0x2 
 .bss.from_animation
                0x0000000000003bec        0x4 src/MainWindow.c.5.o
 .bss.graphics_layer
                0x0000000000003bf0        0x4 src/MainWindow.c.5.o
 .bss.to_rect   0x0000000000003bf4        0xa src/MainWindow.c.5.o
 *fill*         0x0000000000003bfe        0x2 
 .bss.to_animation
                0x0000000000003c00        0x4 src/MainWindow.c.5.o
 .bss.to_animation_playing
                0x0000000000003c04        0x1 src/MainWindow.c.5.o
 *fill*         0x0000000000003c05        0x1 
 .bss.from_rect
                0x0000000000003c06        0xa src/MainWindow.c.5.o
 .bss.to_gray_rect
                0x0000000000003c10        0xa src/MainWindow.c.5.o
 .bss.textrect  0x0000000000003c1a        0x8 src/StationSelectWindow.c.5.o
 .bss.line_select
                0x0000000000003c22        0x1 src/StationSelectWindow.c.5.o
 *fill*         0x0000000000003c23        0x1 
 .bss.window_layer
                0x0000000000003c24        0x4 src/StationSelectWindow.c.5.o
 .bss.menulayerrect
                0x0000000000003c28        0x8 src/StationSelectWindow.c.5.o
 .bss.secondary_bg_rect
                0x0000000000003c30        0x8 src/StationSelectWindow.c.5.o
 .bss.animation
                0x0000000000003c38        0x4 src/StationSelectWindow.c.5.o
 .bss.line_text
                0x0000000000003c3c        0x4 src/StationSelectWindow.c.5.o
 .bss.right_arrow
                0x0000000000003c40        0x4 src/StationSelectWindow.c.5.o
 .bss.left_arrow
                0x0000000000003c44        0x4 src/StationSelectWindow.c.5.o
 .bss.secondary_bg
                0x0000000000003c48        0x4 src/StationSelectWindow.c.5.o
 .bss.menu_layer
                0x0000000000003c4c        0x4 src/StationSelectWindow.c.5.o
 .bss.window    0x0000000000003c50        0x4 src/StationSelectWindow.c.5.o
 COMMON         0x0000000000003c54       0x14 src/Autogen.c.5.o
                0x0000000000003c54                stations
                0x0000000000003c58                graph_index
                0x0000000000003c5c                links
                0x0000000000003c60                stationlen
                0x0000000000003c64                lines
 COMMON         0x0000000000003c68        0xc src/MainWindow.c.5.o
                0x0000000000003c68                path_to
                0x0000000000003c6c                path_from
                0x0000000000003c70                station_select_line

DISCARD
 libc.a(*)
 libm.a(*)
 libgcc.a(*)
 *(.eh_frame)
OUTPUT(/home/lolka/metro-spb/build/basalt/pebble-app.elf elf32-littlearm)

.ARM.attributes
                0x0000000000000000       0x27
 .ARM.attributes
                0x0000000000000000       0x19 /home/lolka/pebble-dev/PebbleSDK-3.4/arm-cs-tools/bin/../lib/gcc/arm-none-eabi/4.7.2/thumb2/crti.o
 .ARM.attributes
                0x0000000000000019       0x29 /home/lolka/pebble-dev/PebbleSDK-3.4/arm-cs-tools/bin/../lib/gcc/arm-none-eabi/4.7.2/thumb2/crtbegin.o
 .ARM.attributes
                0x0000000000000042       0x33 src/Autogen.c.5.o
 .ARM.attributes
                0x0000000000000075       0x33 src/MainWindow.c.5.o
 .ARM.attributes
                0x00000000000000a8       0x33 src/PathFinder.c.5.o
 .ARM.attributes
                0x00000000000000db       0x33 src/StationSelectWindow.c.5.o
 .ARM.attributes
                0x000000000000010e       0x33 src/main.c.5.o
 .ARM.attributes
                0x0000000000000141       0x33 basalt/appinfo.auto.c.5.o
 .ARM.attributes
                0x0000000000000174       0x21 /home/lolka/pebble-dev/PebbleSDK-3.4/Pebble/basalt/lib/libpebble.a(tmp2hEX61pebble.o)
 .ARM.attributes
                0x0000000000000195       0x29 /home/lolka/pebble-dev/PebbleSDK-3.4/arm-cs-tools/bin/../lib/gcc/arm-none-eabi/4.7.2/thumb2/crtend.o
 .ARM.attributes
                0x00000000000001be       0x19 /home/lolka/pebble-dev/PebbleSDK-3.4/arm-cs-tools/bin/../lib/gcc/arm-none-eabi/4.7.2/thumb2/crtn.o

.comment        0x0000000000000000       0x4e
 .comment       0x0000000000000000       0x4e /home/lolka/pebble-dev/PebbleSDK-3.4/arm-cs-tools/bin/../lib/gcc/arm-none-eabi/4.7.2/thumb2/crtbegin.o
                                         0x4f (size before relaxing)
 .comment       0x0000000000000000       0x4f src/Autogen.c.5.o
 .comment       0x0000000000000000       0x4f src/MainWindow.c.5.o
 .comment       0x0000000000000000       0x4f src/PathFinder.c.5.o
 .comment       0x0000000000000000       0x4f src/StationSelectWindow.c.5.o
 .comment       0x0000000000000000       0x4f src/main.c.5.o
 .comment       0x0000000000000000       0x4f basalt/appinfo.auto.c.5.o
 .comment       0x0000000000000000       0x4f /home/lolka/pebble-dev/PebbleSDK-3.4/arm-cs-tools/bin/../lib/gcc/arm-none-eabi/4.7.2/thumb2/crtend.o

.debug_info     0x0000000000000000     0x4dba
 .debug_info    0x0000000000000000     0x12c0 src/Autogen.c.5.o
 .debug_info    0x00000000000012c0     0x12a5 src/MainWindow.c.5.o
 .debug_info    0x0000000000002565      0x804 src/PathFinder.c.5.o
 .debug_info    0x0000000000002d69     0x187a src/StationSelectWindow.c.5.o
 .debug_info    0x00000000000045e3      0x4d6 src/main.c.5.o
 .debug_info    0x0000000000004ab9      0x301 basalt/appinfo.auto.c.5.o

.debug_abbrev   0x0000000000000000      0xcc6
 .debug_abbrev  0x0000000000000000      0x1df src/Autogen.c.5.o
 .debug_abbrev  0x00000000000001df      0x292 src/MainWindow.c.5.o
 .debug_abbrev  0x0000000000000471      0x297 src/PathFinder.c.5.o
 .debug_abbrev  0x0000000000000708      0x358 src/StationSelectWindow.c.5.o
 .debug_abbrev  0x0000000000000a60      0x1c8 src/main.c.5.o
 .debug_abbrev  0x0000000000000c28       0x9e basalt/appinfo.auto.c.5.o

.debug_loc      0x0000000000000000      0xf5b
 .debug_loc     0x0000000000000000      0x191 src/Autogen.c.5.o
 .debug_loc     0x0000000000000191      0x417 src/MainWindow.c.5.o
 .debug_loc     0x00000000000005a8      0x35a src/PathFinder.c.5.o
 .debug_loc     0x0000000000000902      0x619 src/StationSelectWindow.c.5.o
 .debug_loc     0x0000000000000f1b       0x40 src/main.c.5.o

.debug_aranges  0x0000000000000000      0x1f0
 .debug_aranges
                0x0000000000000000       0x40 src/Autogen.c.5.o
 .debug_aranges
                0x0000000000000040       0x90 src/MainWindow.c.5.o
 .debug_aranges
                0x00000000000000d0       0x48 src/PathFinder.c.5.o
 .debug_aranges
                0x0000000000000118       0x90 src/StationSelectWindow.c.5.o
 .debug_aranges
                0x00000000000001a8       0x30 src/main.c.5.o
 .debug_aranges
                0x00000000000001d8       0x18 basalt/appinfo.auto.c.5.o

.debug_ranges   0x0000000000000000      0x238
 .debug_ranges  0x0000000000000000       0x78 src/Autogen.c.5.o
 .debug_ranges  0x0000000000000078       0x80 src/MainWindow.c.5.o
 .debug_ranges  0x00000000000000f8       0xa0 src/PathFinder.c.5.o
 .debug_ranges  0x0000000000000198       0x80 src/StationSelectWindow.c.5.o
 .debug_ranges  0x0000000000000218       0x20 src/main.c.5.o

.debug_line     0x0000000000000000     0x1300
 .debug_line    0x0000000000000000      0x6ca src/Autogen.c.5.o
 .debug_line    0x00000000000006ca      0x304 src/MainWindow.c.5.o
 .debug_line    0x00000000000009ce      0x27b src/PathFinder.c.5.o
 .debug_line    0x0000000000000c49      0x415 src/StationSelectWindow.c.5.o
 .debug_line    0x000000000000105e      0x173 src/main.c.5.o
 .debug_line    0x00000000000011d1      0x12f basalt/appinfo.auto.c.5.o

.debug_str      0x0000000000000000     0x11d1
 .debug_str     0x0000000000000000      0x1ea src/Autogen.c.5.o
                                        0x24d (size before relaxing)
 .debug_str     0x00000000000001ea      0x785 src/MainWindow.c.5.o
                                        0x9e2 (size before relaxing)
 .debug_str     0x000000000000096f       0xb2 src/PathFinder.c.5.o
                                        0x2c4 (size before relaxing)
 .debug_str     0x0000000000000a21      0x573 src/StationSelectWindow.c.5.o
                                        0xdb8 (size before relaxing)
 .debug_str     0x0000000000000f94       0x9e src/main.c.5.o
                                        0x2cc (size before relaxing)
 .debug_str     0x0000000000001032      0x19f basalt/appinfo.auto.c.5.o
                                        0x276 (size before relaxing)

.debug_frame    0x0000000000000000      0x4d4
 .debug_frame   0x0000000000000000       0xac src/Autogen.c.5.o
 .debug_frame   0x00000000000000ac      0x178 src/MainWindow.c.5.o
 .debug_frame   0x0000000000000224       0xbc src/PathFinder.c.5.o
 .debug_frame   0x00000000000002e0      0x1a4 src/StationSelectWindow.c.5.o
 .debug_frame   0x0000000000000484       0x50 src/main.c.5.o
